Símbolo         Valor Decimal   Valor Hexadecimal
-------         -------------   -----------------
INICIA_PERGUNTA_PAREDE      272                 110
CASO_ENTER_COM_NUMERO_VAZIO      296                 128
CASO_BACKSPACE            300                 12C
CASO_NUMERO_DIGITADO      304                 130
CASO_PAREDE_INVALIDA      318                 13E
CASO_PAREDE_VALIDA        330                 14A
ESPERAR_ENTRADA_USUARIO      334                 14E
VERIFICA_CANCELAMENTO      338                 152
CANCELAR_E_RETORNAR       358                 166
VERIFICA_ENTER            362                 16A
INICIAR_DADOS_LEITURA_PAREDE      372                 174
INICIAR_LEITURA_PAREDE      380                 17C
TECLADO_DETECTADO         392                 188
CANCELAR_LEITURA          416                 1A0
LER_CAMERA                420                 1A4
FINALIZACAO_LEITURA_PAREDE      460                 1CC
ENCERRAR_O_PROGRAMA       468                 1D4
MOVER_CAMERA_BAIXO        485                 1E5
MOVER_CAMERA_DIREITA      502                 1F6
MOVER_CAMERA_ESQUERDA      519                 207
VERIFICAR_TECLADO         536                 218
LER_POSICAO_ATUAL_CAMERA      545                 221
ATUALIZAR_COORDENADAS      561                 231
CASO_DIREITO              576                 240
CASO_DIREITO_F            581                 245
MUDAR_BAIXO_ESQUERDA      601                 259
CONTINUAR_MUDAR_BAIXO_ESQUERDA      621                 26D
INCREMENTAR_X             646                 286
CASO_ESQUERDO_F           663                 297
MUDAR_BAIXO_DIREITA       673                 2A1
CONTINUAR_MUDAR_BAIXO_DIREITA      693                 2B5
DECREMENTAR_X             718                 2CE
FINALIZAR_LEITURA_COORDENADAS      735                 2DF
VERIFICAR_VALOR_LADRILHO      740                 2E4
ADD_LADRINHO_BOAS_CONDICOES      758                 2F6
ADD_LADRINHO_DANIFICADO      771                 303
ADD_LADRINHO_NAO_USADO      784                 310
IMPRIME_COORDENADAS       797                 31D
INICIALIZA_VARIAVEIS_PAREDE      874                 36A
INICIALIZA_VISOR          911                 38F
ZERA_VISOR                924                 39C
IMPRIME_MSG_IDENTIFICACAO      941                 3AD
IMPRIME_MSG_PERGUNTA_PAREDE      958                 3BE
IMPRIME_MSG_PAREDE_INVALIDA      987                 3DB
IMPRIME_INFORMACOES_PAREDE     1004                 3EC
AGUARDA_ENTER            1097                 449
PEGAR_CARACTER_DIGITADO     1112                 458
VERIFICA_VALIDADE_PAREDE     1121                 461
RETORNO_VERIFICA_VALIDADE_PAREDE     1147                 47B
INICIALIZAR_DADOS_LEITURA     1148                 47C
PEGAR_NUMERO_DIGITADO     1193                 4A9
PEGAR_CARACTERE_NUMERO_PAREDE     1201                 4B1
BACKSPACE_NUMERO_PAREDE     1221                 4C5
ENTER_NUMERO_PAREDE      1226                 4CA
ENTER_COM_NUMERO_PAREDE_VAZIO     1241                 4D9
VALIDA_NUMERO_PAREDE_DIGITADO     1246                 4DE
IGNORAR_ENTRADA_NUMERO_PAREDE     1262                 4EE
IMPRIME_NUMERO_PAREDE_DIGITADO     1266                 4F2
ATUALIZA_NUMERO_PAREDE     1296                 510
FINALIZAR_LEITURA_PAREDE     1320                 528
COORDENADA_X             8192                2000
COORDENADA_Y             8194                2002
BOAS_CONDICOES           8196                2004
NAO_USADOS               8198                2006
DANIFICADOS              8200                2008
KBHIT                    8202                200A
GETCHAR                  8204                200C
PUTCHAR                  8206                200E
PUTMSG                   8208                2010
SETCURSOR                8210                2012
SETWALL                  8212                2014
READ                     8214                2016
MOVE00                   8216                2018
MOVE                     8218                201A
MOVING                   8220                201C
GETCAMERA                8222                201E
NUMERO_PAREDE            8224                2020
LARGURA_PAREDE           8226                2022
ALTURA_PAREDE            8228                2024
LADO                     8230                2026
VALOR_LADRILHO           8232                2028
CURSOR_PERGUNTA_PAREDE     8234                202A
ENTER_CODE               8236                202C
BACKSPACE_CODE           8238                202E
ZERO_CODE                8240                2030
NOVE_CODE_MAIS_UM        8242                2032
C_CODE                   8244                2034
C_MIN_CODE               8246                2036
MSG_IDENTIFICACAO        8248                2038
MSG_ASK_PAREDE           8284                205C
MSG_ENCERRAMENTO         8320                2080
MSG_PAREDE_INVALIDA      8356                20A4
MSG_EMPTY                8392                20C8
MSG_INFO_PAREDE_1        8428                20EC
MSG_INFO_PAREDE_2        8436                20F4
MSG_INFO_PAREDE_3        8447                20FF
MSG_COORDENADAS_1        8457                2109
MSG_COORDENADAS_2        8471                2117
MSG_COORDENADAS_3        8473                2119
MSG_DANIFICADO           8478                211E
MSG_BOM                  8489                2129
MSG_VAZIO                8493                212D
MSG_TOTAL_1              8499                2133
MSG_TOTAL_2              8506                213A
MSG_TOTAL_3              8517                2145
MSG_TOTAL_4              8528                2150
