Símbolo         Valor Decimal   Valor Hexadecimal
-------         -------------   -----------------
NUMERO_PAREDE            8192                2000
LARGURA_PAREDE           8194                2002
ALTURA_PAREDE            8196                2004
COORDENADA_X_ATUAL       8198                2006
COORDENADA_Y_ATUAL       8200                2008
BOAS_CONDICOES_1         8202                200A
BOAS_CONDICOES_2         8204                200C
NAO_USADOS_1             8206                200E
NAO_USADOS_2             8208                2010
DANIFICADOS_1            8210                2012
DANIFICADOS_2            8212                2014
LADO                     8214                2016
BAIXO                    8216                2018
MSG_IDENTIFICACAO        8218                201A
MSG_ASK_PAREDE           8254                203E
MSG_ENCERRAMENTO         8290                2062
MSG_PAREDE_INVALIDA      8326                2086
MSG_EMPTY                8362                20AA
MSG_INFO_PAREDE_1        8398                20CE
MSG_INFO_PAREDE_2        8406                20D6
MSG_INFO_PAREDE_3        8417                20E1
MSG_COORDENADAS_1        8427                20EB
MSG_COORDENADAS_2        8441                20F9
MSG_COORDENADAS_3        8443                20FB
MSG_DANIFICADO           8448                2100
MSG_BOM                  8459                210B
MSG_VAZIO                8463                210F
MSG_TOTAL_1              8469                2115
MSG_TOTAL_2              8476                211C
MSG_TOTAL_3              8487                2127
MSG_TOTAL_4              8498                2132
INICIALIZA_O_VISOR        256                 100
AGUARDA_ENTER             288                 120
INICIA_PERGUNTA_PAREDE      302                 12E
AGUARDA_NUMERO_PAREDE      342                 156
IMPRIME_O_NUMERO_DE_PAREDE_DIGITADO      354                 162
VERIFICA_VALIDADE_PAREDE      392                 188
IR_PARA_INFORMAR_PAREDE_INVALIDA      422                 1A6
IMPRIME_INFORMACOES_PAREDE      426                 1AA
AGUARDAR_ENTRADA_CANCELAR_CONTINUAR      546                 222
VALIDA_ENTER_PARA_CONTINUAR      558                 22E
INICIAR_LEITURA_PAREDE      564                 234
LER_PAREDE                620                 26C
LER_PAREDE_2              632                 278
TECLADO_DETECTADO         642                 282
LEITURA_NORMAL_PAREDE      666                 29A
CANCELAR_E_RETORNAR_LEITURA      674                 2A2
LEITURA_DESCIDA_PAREDE      678                 2A6
CONTINUA_LEITURA_NORMAL      686                 2AE
ADD_BOAS_CONDICOES        706                 2C2
ADD_DANIFICADO            710                 2C6
CONTINUAR_LER_PAREDE      714                 2CA
CONTINUAR_LER_PAREDE_2      720                 2D0
INICIALIZA_LADO           730                 2DA
TESTE_LEITURA_DIREITA      742                 2E6
INCREMENTAR_LEITURA_DIREITA      756                 2F4
TENTAR_DESCER_E_MUDAR_DIRECAO      766                 2FE
DESDER_E_MUDAR_DIRECAO      780                 30C
TESTE_LEITURA_ESQUERDA      808                 328
INCREMENTAR_LEITURA_ESQUERDA      822                 336
JMP_ADD_BOAS_CONDICOES      840                 348
SOMAR_DECIMO_ADD_BOAS_CONDICOES      884                 374
FINALIZE_SOMAR_DECIMO_ADD_BOAS_CONDICOES      908                 38C
JMP_ADD_DANIFICADO        912                 390
SOMAR_DECIMO_ADD_DANIFICADO      956                 3BC
FINALIZE_SOMAR_DECIMO_ADD_DANIFICADO      980                 3D4
JMP_ADD_NAO_USADO         984                 3D8
SOMAR_DECIMO_ADD_NAO_USADO     1032                 408
FINALIZE_SOMAR_DECIMO_ADD_NAO_USADO     1056                 420
IMPRIME_COORDENADAS      1060                 424
FINAL_DA_LEITURA         1161                 489
VERIFICAR_CANCELAMENTO     1321                 529
CANCELAR_E_RETORNAR      1337                 539
INFORMAR_PAREDE_INVALIDA     1349                 545
VALIDA_CASOS_ESPECIAIS_NUMERO_PAREDE     1385                 569
BACKSPACE_NO_NUMERO_PAREDE     1401                 579
ENTER_NO_NUMERO_PAREDE     1413                 585
ENCERRAR_O_PROGRAMA      1427                 593
