Símbolo         Valor Decimal   Valor Hexadecimal
-------         -------------   -----------------
_APP                      256                 100
_KRN_INT                32768                8000
_IOAREA16               65408                FF80
_IOAREA08               65472                FFC0
STACK                   65408                FF80
IVET                    65470                FFBE
TIMDT                   65495                FFD7
INTS                    65496                FFD8
INTE                    65497                FFD9
TECST                   65498                FFDA
TECDT                   65499                FFDB
VISOR                   65500                FFDC
CR                         13                   D
BS                          8                   8
VET_0                   32768                8000
VET_1                   32770                8002
VET_2                   32772                8004
VET_3                   32774                8006
VET_4                   32776                8008
VET_5                   32778                800A
VET_6                   32780                800C
VET_7                   32782                800E
CURSOR                  32784                8010
TICK_COUNT              32786                8012
TEMP                    32788                8014
TEMP_MSG                32790                8016
CURSOR_MODE             32792                8018
CURSOR_COUNT            32794                801A
CURSOR_TIME             32796                801C
TEMP_CHAR               32798                801E
CURSOR_MODE_ON              1                   1
CURSOR_MODE_OFF             0                   0
_RESET                  32800                8020
_CLEAR_VISOR            32876                806C
CLEAR_VISOR_STEP        32886                8076
FIM_CLEAR_VISOR         32912                8090
_KBHIT                  32919                8097
KBHIT_TRUE              32931                80A3
KBHIT_FALSE             32939                80AB
KBHIT_FIM               32943                80AF
_GETCHAR                32944                80B0
AUX_GETCHAR             32961                80C1
_PUTCHAR                32974                80CE
PUTCHAR_BACKSPACE       32992                80E0
PUTCHAR_BACKSPACE_OUT    33010                80F2
PUTCHAR_BACKSPACE_IN    33018                80FA
PUTCHAR_BACKSPACE_IN_WITH    33040                8110
PUTCHAR_BACKSPACE_IN_WITHOUT    33048                8118
PUTCHAR_BACKSPACE_INVALID    33056                8120
PUTCHAR_NO_BACKSPACE    33060                8124
PUTCHAR_NO_BACKSPACE_INVALID    33072                8130
PUTCHAR_NO_BACKSPACE_VALID    33076                8134
PUTCHAR_END             33096                8148
_PUTMSG                 33103                814F
_PUTMSG_LOOP            33107                8153
_PUTMSG_FIM             33135                816F
_SETCURSOR              33136                8170
SETCURSOR_CURSOR        33162                818A
SETCURSOR_END           33170                8192
_START                  33185                81A1
_READY                  33201                81B1
_READY_TRUE             33216                81C0
_READY_FALSE            33227                81CB
ISR                     33238                81D6
ISR_NO_TIMER            33272                81F8
ISR_TIMER               33276                81FC
TICK_COUNT_DEC          33286                8206
ISR_CURSOR              33294                820E
ISR_CURSOR_OUT          33306                821A
ISR_CURSOR_IN           33310                821E
CURSOR_MODE_CHANGE      33324                822C
CURSOR_MODE_GO_TO_OFF    33338                823A
CURSOR_MODE_GO_TO_ON    33350                8246
CURSOR_MODE_EXECUTE     33363                8253
CURSOR_MODE_EXECUTE_OFF    33381                8265
CURSOR_MODE_EXECUTE_ON    33397                8275
ISR_TIME_END            33413                8285
ISR_END                 33419                828B
