Símbolo         Valor Decimal   Valor Hexadecimal
-------         -------------   -----------------
_APP                      256                 100
_KRN_INT                32768                8000
_IOAREA16               65408                FF80
_IOAREA08               65472                FFC0
IVET                    65470                FFBE
TIMDT                   65495                FFD7
INTS                    65496                FFD8
INTE                    65497                FFD9
TECST                   65498                FFDA
TECDT                   65499                FFDB
VISOR                   65500                FFDC
VET_0                   32768                8000
VET_1                   32770                8002
VET_2                   32772                8004
VET_3                   32774                8006
VET_4                   32776                8008
VET_5                   32778                800A
VET_6                   32780                800C
VET_7                   32782                800E
STACK                   32788                8014
CURSOR                  32850                8052
TICK_COUNT              32852                8054
TEMP                    32854                8056
TEMP_END                32856                8058
COUNT_CURSOR            32858                805A
CURSOR_TIMER_MODE       32860                805C
TIMER_CURSOR            32862                805E
TIME_INT_COUNT          32864                8060
_RESET                  32866                8062
_CLEAR_VISOR            32936                80A8
_CLEAR_VISOR_STEP       32946                80B2
_FIM_CLEAR_VISOR        32972                80CC
_KBHIT                  33003                80EB
KBHIT_TRUE              33019                80FB
KBHIT_FALSE             33027                8103
KBHIT_FIM               33031                8107
_GETCHAR                33038                810E
AUX_GETCHAR             33065                8129
_PUTCHAR                33078                8136
_PUTCHAR_BACKSPACE      33096                8148
_PUTCHAR_NO_BACKSPACE    33100                814C
_PUTCHAR_END_CURSOR     33112                8158
_PUTCHAR_PT_2           33122                8162
_PUTCHAR_PT_2_END_CURSOR    33150                817E
_PUTCHAR_BACKSPACE_PT_2    33160                8188
_PUTCHAR_PRINT_END      33180                819C
_PUTCHAR_END            33202                81B2
_PUTMSG                 33209                81B9
_PUTMSG_LOOP            33213                81BD
_PUTMSG_FIM             33241                81D9
_SETCURSOR              33242                81DA
_SETCURSOR_PT_2         33268                81F4
_SETCURSOR_EMPTY_END    33296                8210
_SETCURSOR_END          33302                8216
_START                  33315                8223
_READY                  33331                8233
_READY_TRUE             33346                8242
_READY_FALSE            33357                824D
ISR                     33368                8258
ISRTIM_DEC              33400                8278
ISR_RETURN_REC          33408                8280
ISR_2                   33412                8284
ISR_3                   33446                82A6
ERASE_CURSOR            33456                82B0
ERASE_CURSOR_END        33472                82C0
ERASE_CURSOR_2          33488                82D0
DRAW_CURSOR             33504                82E0
DRAW_CURSOR_END         33520                82F0
DRAW_CURSOR_2           33536                8300
ISR_RETURN_TIMER        33552                8310
ISR_RETURN              33558                8316
