Símbolo         Valor Decimal   Valor Hexadecimal
-------         -------------   -----------------
_APP                      256                 100
_KRN_INT                32768                8000
_IOAREA16               65408                FF80
_IOAREA08               65472                FFC0
STACK                   65408                FF80
IVET                    65470                FFBE
TIMDT                   65495                FFD7
INTS                    65496                FFD8
INTE                    65497                FFD9
TECST                   65498                FFDA
TECDT                   65499                FFDB
VISOR                   65500                FFDC
CR                         13                   D
BS                          8                   8
VET_0                   32768                8000
VET_1                   32770                8002
VET_2                   32772                8004
VET_3                   32774                8006
VET_4                   32776                8008
VET_5                   32778                800A
VET_6                   32780                800C
VET_7                   32782                800E
CURSOR                  32784                8010
TICK_COUNT              32786                8012
TEMP                    32788                8014
TEMP_MSG                32790                8016
CURSOR_MODE             32792                8018
CURSOR_COUNT            32794                801A
CURSOR_TIME             32796                801C
CURSOR_MODE_ON              1                   1
CURSOR_MODE_OFF             0                   0
TEMP_CHAR               32798                801E
WRITE_CHAR              32800                8020
_RESET                  32802                8022
_CLEAR_VISOR            32890                807A
CLEAR_VISOR_STEP        32902                8086
FIM_CLEAR_VISOR         32928                80A0
_KBHIT                  32935                80A7
KBHIT_TRUE              32947                80B3
KBHIT_FALSE             32955                80BB
KBHIT_FIM               32959                80BF
_GETCHAR                32960                80C0
AUX_GETCHAR             32971                80CB
_PUTCHAR                32978                80D2
PUTCHAR_BACKSPACE       32996                80E4
PUTCHAR_BACKSPACE_OUT    33014                80F6
PUTCHAR_BACKSPACE_IN    33034                810A
PUTCHAR_BACKSPACE_INVALID    33060                8124
PUTCHAR_NO_BACKSPACE    33064                8128
PUTCHAR_NO_BACKSPACE_INVALID    33076                8134
PUTCHAR_NO_BACKSPACE_VALID    33080                8138
PUTCHAR_CLEAN_TEMP_CHAR    33110                8156
PUTCHAR_SAVE_TEMP_CHAR    33120                8160
PUTCHAR_END             33128                8168
_PUTMSG                 33135                816F
_PUTMSG_LOOP            33139                8173
_PUTMSG_FIM             33167                818F
_SETCURSOR              33168                8190
SETCURSOR_CURSOR        33194                81AA
SETCURSOR_END           33202                81B2
_START                  33221                81C5
_READY                  33236                81D4
_READY_TRUE             33250                81E2
_READY_FALSE            33261                81ED
ISR                     33272                81F8
ISR_TEC                 33316                8224
ISR_TIMER               33335                8237
TICK_COUNT_DEC          33345                8241
ISR_CURSOR              33353                8249
ISR_CURSOR_OUT          33365                8255
ISR_CURSOR_IN           33369                8259
CURSOR_MODE_CHANGE      33383                8267
CURSOR_MODE_GO_TO_OFF    33403                827B
CURSOR_MODE_GO_TO_ON    33415                8287
CURSOR_MODE_EXECUTE     33427                8293
CURSOR_MODE_EXECUTE_OFF    33445                82A5
CURSOR_MODE_EXECUTE_ON    33461                82B5
ISR_TIME_END            33477                82C5
ISR_END                 33483                82CB
