Símbolo         Valor Decimal   Valor Hexadecimal
-------         -------------   -----------------
_APP                      256                 100
_KRN_INT                32768                8000
_IOAREA16               65408                FF80
_IOAREA08               65472                FFC0
IVET                    65470                FFBE
TIMDT                   65495                FFD7
INTS                    65496                FFD8
INTE                    65497                FFD9
TECST                   65498                FFDA
TECDT                   65499                FFDB
VISOR                   65500                FFDC
VET_0                   32768                8000
VET_1                   32770                8002
VET_2                   32772                8004
VET_3                   32774                8006
VET_4                   32776                8008
VET_5                   32778                800A
VET_6                   32780                800C
VET_7                   32782                800E
STACK                   32788                8014
CURSOR                  32850                8052
TICK_COUNT              32852                8054
TEMP                    32854                8056
TEMP_END                32856                8058
COUNT_CURSOR            32858                805A
CURSOR_TIMER_MODE       32860                805C
TIMER_CURSOR            32862                805E
_RESET                  32864                8060
_CLEAR_VISOR            32934                80A6
_CLEAR_VISOR_STEP       32940                80AC
_FIM_CLEAR_VISOR        32966                80C6
_KBHIT                  32973                80CD
KBHIT_TRUE              32985                80D9
KBHIT_FALSE             32993                80E1
KBHIT_FIM               32997                80E5
_GETCHAR                32998                80E6
AUX_GETCHAR             33011                80F3
_PUTCHAR                33024                8100
_PUTCHAR_BACKSPACE      33042                8112
_PUTCHAR_NO_BACKSPACE    33046                8116
_PUTCHAR_END_CURSOR     33058                8122
_PUTCHAR_PT_2           33062                8126
_PUTCHAR_PT_2_END_CURSOR    33090                8142
_PUTCHAR_BACKSPACE_PT_2    33094                8146
_PUTCHAR_ERASE_BACKSPACE    33114                815A
_PUTCHAR_PRINT_END      33122                8162
_PUTCHAR_END            33138                8172
_PUTMSG                 33145                8179
_PUTMSG_LOOP            33149                817D
_PUTMSG_FIM             33177                8199
_SETCURSOR              33178                819A
_SETCURSOR_PT_2         33200                81B0
_SETCURSOR_FIM          33218                81C2
_START                  33225                81C9
_READY                  33236                81D4
_READY_TRUE             33246                81DE
_READY_FALSE            33251                81E3
ISR                     33256                81E8
ISRTIM_DEC              33288                8208
ISR_RETURN_REC          33296                8210
ISR_2                   33300                8214
ERASE_CURSOR            33310                821E
ERASE_CURSOR_END        33340                823C
ERASE_CURSOR_2          33356                824C
DRAW_CURSOR             33364                8254
DRAW_CURSOR_END         33394                8272
DRAW_CURSOR_2           33410                8282
ISR_RETURN              33418                828A
