Símbolo         Valor Decimal   Valor Hexadecimal
-------         -------------   -----------------
_APP                      256                 100
_KRN_INT                32768                8000
_IOAREA16               65408                FF80
_IOAREA08               65472                FFC0
STACK                   65408                FF80
IVET                    65470                FFBE
TIMDT                   65495                FFD7
INTS                    65496                FFD8
INTE                    65497                FFD9
TECST                   65498                FFDA
TECDT                   65499                FFDB
VISOR                   65500                FFDC
CR                         13                   D
BS                          8                   8
VET_0                   32768                8000
VET_1                   32770                8002
VET_2                   32772                8004
VET_3                   32774                8006
VET_4                   32776                8008
VET_5                   32778                800A
VET_6                   32780                800C
VET_7                   32782                800E
CURSOR                  32784                8010
TICK_COUNT              32786                8012
TEMP                    32788                8014
TEMP_MSG                32790                8016
CURSOR_MODE             32792                8018
CURSOR_COUNT            32794                801A
CURSOR_TIME             32796                801C
TEMP_CHAR               32798                801E
CURSOR_MODE_ON              1                   1
CURSOR_MODE_OFF             0                   0
_RESET                  32800                8020
_CLEAR_VISOR            32876                806C
CLEAR_VISOR_STEP        32886                8076
FIM_CLEAR_VISOR         32912                8090
_KBHIT                  32919                8097
KBHIT_TRUE              32931                80A3
KBHIT_FALSE             32939                80AB
KBHIT_FIM               32943                80AF
_GETCHAR                32944                80B0
AUX_GETCHAR             32961                80C1
_PUTCHAR                32974                80CE
PUTCHAR_BACKSPACE       32992                80E0
PUTCHAR_BACKSPACE_OUT    33010                80F2
PUTCHAR_BACKSPACE_IN    33018                80FA
PUTCHAR_BACKSPACE_IN_WITH    33040                8110
PUTCHAR_BACKSPACE_IN_WITHOUT    33048                8118
PUTCHAR_BACKSPACE_END    33052                811C
PUTCHAR_BACKSPACE_INVALID    33068                812C
PUTCHAR_NO_BACKSPACE    33072                8130
PUTCHAR_NO_BACKSPACE_INVALID    33084                813C
PUTCHAR_NO_BACKSPACE_VALID    33088                8140
PUTCHAR_END             33108                8154
_PUTMSG                 33115                815B
_PUTMSG_LOOP            33119                815F
_PUTMSG_FIM             33147                817B
_SETCURSOR              33148                817C
SETCURSOR_CURSOR        33174                8196
SETCURSOR_END           33182                819E
_START                  33197                81AD
_READY                  33212                81BC
_READY_TRUE             33226                81CA
_READY_FALSE            33237                81D5
ISR                     33248                81E0
ISR_NO_TIMER            33282                8202
ISR_TIMER               33286                8206
TICK_COUNT_DEC          33296                8210
ISR_CURSOR              33304                8218
ISR_CURSOR_OUT          33316                8224
ISR_CURSOR_IN           33320                8228
CURSOR_MODE_CHANGE      33334                8236
CURSOR_MODE_GO_TO_OFF    33354                824A
CURSOR_MODE_GO_TO_ON    33366                8256
CURSOR_MODE_EXECUTE     33378                8262
CURSOR_MODE_EXECUTE_OFF    33396                8274
CURSOR_MODE_EXECUTE_ON    33412                8284
ISR_TIME_END            33428                8294
ISR_END                 33434                829A
