Símbolo         Valor Decimal   Valor Hexadecimal
-------         -------------   -----------------
_APP                      256                 100
_KRN_INT                32768                8000
_IOAREA16               65408                FF80
_IOAREA08               65472                FFC0
STACK                   65408                FF80
IVET                    65470                FFBE
TIMDT                   65495                FFD7
INTS                    65496                FFD8
INTE                    65497                FFD9
TECST                   65498                FFDA
TECDT                   65499                FFDB
VISOR                   65500                FFDC
CR                         13                   D
BS                          8                   8
VET_0                   32768                8000
VET_1                   32770                8002
VET_2                   32772                8004
VET_3                   32774                8006
VET_4                   32776                8008
VET_5                   32778                800A
VET_6                   32780                800C
VET_7                   32782                800E
CURSOR                  32784                8010
TICK_COUNT              32786                8012
TEMP                    32788                8014
TEMP_MSG                32790                8016
CURSOR_MODE             32792                8018
CURSOR_COUNT            32794                801A
CURSOR_TIME             32796                801C
TEMP_CHAR               32798                801E
CURSOR_MODE_ON              1                   1
CURSOR_MODE_OFF             0                   0
_RESET                  32799                801F
_CLEAR_VISOR            32875                806B
CLEAR_VISOR_STEP        32885                8075
FIM_CLEAR_VISOR         32911                808F
_KBHIT                  32918                8096
KBHIT_TRUE              32930                80A2
KBHIT_FALSE             32938                80AA
KBHIT_FIM               32942                80AE
_GETCHAR                32943                80AF
AUX_GETCHAR             32960                80C0
_PUTCHAR                32973                80CD
PUTCHAR_BACKSPACE       32991                80DF
PUTCHAR_BACKSPACE_OUT    33009                80F1
PUTCHAR_BACKSPACE_IN    33017                80F9
PUTCHAR_BACKSPACE_IN_WITH    33039                810F
PUTCHAR_BACKSPACE_IN_WITHOUT    33047                8117
PUTCHAR_BACKSPACE_END    33055                811F
PUTCHAR_BACKSPACE_INVALID    33078                8136
PUTCHAR_NO_BACKSPACE    33082                813A
PUTCHAR_NO_BACKSPACE_INVALID    33094                8146
PUTCHAR_NO_BACKSPACE_VALID    33098                814A
PUTCHAR_END             33118                815E
_PUTMSG                 33125                8165
_PUTMSG_LOOP            33129                8169
_PUTMSG_FIM             33157                8185
_SETCURSOR              33158                8186
SETCURSOR_CURSOR        33184                81A0
SETCURSOR_END           33192                81A8
_START                  33207                81B7
_READY                  33222                81C6
_READY_TRUE             33236                81D4
_READY_FALSE            33247                81DF
ISR                     33258                81EA
ISR_NO_TIMER            33292                820C
ISR_TIMER               33296                8210
TICK_COUNT_DEC          33306                821A
ISR_CURSOR              33314                8222
ISR_CURSOR_OUT          33326                822E
ISR_CURSOR_IN           33330                8232
CURSOR_MODE_CHANGE      33344                8240
CURSOR_MODE_GO_TO_OFF    33364                8254
CURSOR_MODE_GO_TO_ON    33376                8260
CURSOR_MODE_EXECUTE     33388                826C
CURSOR_MODE_EXECUTE_OFF    33406                827E
CURSOR_MODE_EXECUTE_ON    33422                828E
ISR_TIME_END            33438                829E
ISR_END                 33444                82A4
