Símbolo         Valor Decimal   Valor Hexadecimal
-------         -------------   -----------------
INICIA_PERGUNTA_PAREDE      272                 110
CASO_ENTER_COM_NUMERO_VAZIO      296                 128
CASO_BACKSPACE            300                 12C
CASO_NUMERO_DIGITADO      304                 130
CASO_PAREDE_INVALIDA      318                 13E
CASO_PAREDE_VALIDA        330                 14A
ESPERAR_ENTRADA_USUARIO      334                 14E
VERIFICA_CANCELAMENTO      338                 152
CANCELAR_E_RETORNAR       354                 162
VERIFICA_ENTER            358                 166
INICIAR_DADOS_LEITURA_PAREDE      368                 170
INICIAR_LEITURA_PAREDE      376                 178
TECLADO_DETECTADO         388                 184
CANCELAR_LEITURA          408                 198
LER_CAMERA                412                 19C
FINALIZACAO_LEITURA_PAREDE      444                 1BC
ENCERRAR_O_PROGRAMA       452                 1C4
CONVERTE_NUMERO_PARA_STRING      469                 1D5
ENQUANTO_HOUVER_CONVERSAO_STRING      491                 1EB
FIM_CONVERSAO_STRING      521                 209
DIVISAO_DESTRUTIVA        544                 220
DIVISAO_POR_ZERO          556                 22C
DIVISAO_POR_NEGATIVO      569                 239
DIVIDIR_PT_2              571                 23B
DIVIDIR_PT_3              577                 241
FIM_DIVISAO_COM_NEGATIVO      591                 24F
FIM_DIVISAO               593                 251
CONTADOR_DIGITOS          594                 252
ENQUANTO_HOUVER_DIGITOS      602                 25A
FIM_CONTAGEM_DIGITOS      618                 26A
MULTIPLICA_POR_10_SOMA_9      619                 26B
ESPERA_MOVIMENTO_CAMERA      644                 284
RETORNO_ESPERA_MOVIMENTO_CAMERA      660                 294
MOVER_CAMERA_BAIXO        661                 295
MOVER_CAMERA_DIREITA      678                 2A6
MOVER_CAMERA_ESQUERDA      695                 2B7
VERIFICAR_TECLADO         712                 2C8
LER_POSICAO_ATUAL_CAMERA      721                 2D1
ATUALIZAR_COORDENADAS      738                 2E2
CASO_DIREITO              753                 2F1
CASO_DIREITO_F            758                 2F6
MUDAR_BAIXO_ESQUERDA      778                 30A
CONTINUAR_MUDAR_BAIXO_ESQUERDA      798                 31E
INCREMENTAR_X             823                 337
CASO_ESQUERDO_F           840                 348
MUDAR_BAIXO_DIREITA       850                 352
CONTINUAR_MUDAR_BAIXO_DIREITA      870                 366
DECREMENTAR_X             895                 37F
FINALIZAR_LEITURA_COORDENADAS      912                 390
VERIFICAR_VALOR_LADRILHO      917                 395
ADD_LADRINHO_BOAS_CONDICOES      944                 3B0
ADD_LADRINHO_DANIFICADO      961                 3C1
ADD_LADRINHO_NAO_USADO      978                 3D2
IMPRIME_ERRO_LEITURA      995                 3E3
IMPRIME_LADRILHO_BOM     1008                 3F0
IMPRIME_LADRILHO_DANIFICADO     1021                 3FD
IMPRIME_LADRILHO_NAO_USADO     1034                 40A
IMPRIME_COORDENADAS      1047                 417
INICIALIZA_VARIAVEIS_PAREDE     1124                 464
INICIALIZA_VISOR         1161                 489
ZERA_VISOR               1174                 496
IMPRIME_MSG_IDENTIFICACAO     1191                 4A7
IMPRIME_MSG_PERGUNTA_PAREDE     1208                 4B8
IMPRIME_MSG_PAREDE_INVALIDA     1237                 4D5
IMPRIME_INFORMACOES_PAREDE     1254                 4E6
AGUARDA_ENTER            1347                 543
PEGAR_CARACTER_DIGITADO     1362                 552
VERIFICA_VALIDADE_PAREDE     1371                 55B
RETORNO_VERIFICA_VALIDADE_PAREDE     1397                 575
INICIALIZAR_DADOS_LEITURA     1398                 576
PEGAR_NUMERO_DIGITADO     1439                 59F
PEGAR_CARACTERE_NUMERO_PAREDE     1447                 5A7
BACKSPACE_NUMERO_PAREDE     1467                 5BB
ENTER_NUMERO_PAREDE      1472                 5C0
ENTER_COM_NUMERO_PAREDE_VAZIO     1487                 5CF
VALIDA_NUMERO_PAREDE_DIGITADO     1492                 5D4
IGNORAR_ENTRADA_NUMERO_PAREDE     1508                 5E4
IMPRIME_NUMERO_PAREDE_DIGITADO     1512                 5E8
ATUALIZA_NUMERO_PAREDE     1542                 606
FINALIZAR_LEITURA_PAREDE     1566                 61E
TXT_VAZIOS               8192                2000
TXT_DANIFICADOS          8228                2024
TXT_BONS                 8264                2048
STRING_TEMP              8300                206C
NUMERO_TEMP              8336                2090
COORDENADA_X             8338                2092
COORDENADA_Y             8340                2094
BOAS_CONDICOES           8342                2096
NAO_USADOS               8344                2098
DANIFICADOS              8346                209A
KBHIT                    8348                209C
GETCHAR                  8350                209E
PUTCHAR                  8352                20A0
PUTMSG                   8354                20A2
SETCURSOR                8356                20A4
SETWALL                  8358                20A6
READ                     8360                20A8
MOVE00                   8362                20AA
MOVE                     8364                20AC
MOVING                   8366                20AE
GETCAMERA                8368                20B0
NUMERO_PAREDE            8370                20B2
LARGURA_PAREDE           8372                20B4
ALTURA_PAREDE            8374                20B6
LADO                     8376                20B8
VALOR_LADRILHO           8378                20BA
CURSOR_PERGUNTA_PAREDE     8380                20BC
PONTEIRO                 8382                20BE
ENTER_CODE               8384                20C0
BACKSPACE_CODE           8386                20C2
ZERO_CODE                8388                20C4
NOVE_CODE_MAIS_UM        8390                20C6
C_CODE                   8392                20C8
C_MIN_CODE               8394                20CA
MSG_IDENTIFICACAO        8396                20CC
MSG_ASK_PAREDE           8432                20F0
MSG_ENCERRAMENTO         8468                2114
MSG_PAREDE_INVALIDA      8504                2138
MSG_EMPTY                8540                215C
MSG_INFO_PAREDE_1        8576                2180
MSG_INFO_PAREDE_2        8584                2188
MSG_INFO_PAREDE_3        8595                2193
MSG_COORDENADAS_1        8605                219D
MSG_COORDENADAS_2        8619                21AB
MSG_COORDENADAS_3        8621                21AD
MSG_DANIFICADO           8626                21B2
MSG_BOM                  8637                21BD
MSG_VAZIO                8641                21C1
MSG_ERRO                 8647                21C7
MSG_TOTAL_1              8652                21CC
MSG_TOTAL_2              8659                21D3
MSG_TOTAL_3              8670                21DE
MSG_TOTAL_4              8681                21E9
